components/dashboard/patient-dossier.tsx(508,9): error TS2657: JSX expressions must have one parent element.
components/dashboard/patient-dossier.tsx(1165,9): error TS1005: ')' expected.
components/dashboard/patient-dossier.tsx(1166,5): error TS1109: Expression expected.
